\BOOKMARK [1][-]{section.1}{\376\377\000I\000n\000t\000r\000o\000d\000u\000c\000t\000i\000o\000n}{}% 1
\BOOKMARK [1][-]{section.2}{\376\377\000B\000a\000c\000k\000g\000r\000o\000u\000n\000d\000:\000\040\000t\000h\000e\000\040\000a\000c\000c\000u\000m\000u\000l\000a\000t\000o\000r\000,\000\040\000t\000h\000e\000\040\000k\000e\000r\000n\000e\000l\000,\000\040\000a\000n\000d\000\040\000w\000h\000e\000r\000e\000\040\000M\000a\000p\000F\000o\000r\000m\000e\000r\000\040\000s\000i\000t\000s}{}% 2
\BOOKMARK [1][-]{section.3}{\376\377\000M\000e\000t\000h\000o\000d\000s}{}% 3
\BOOKMARK [1][-]{section.4}{\376\377\000R\000e\000p\000r\000o\000d\000u\000c\000i\000n\000g\000\040\000M\000a\000p\000F\000o\000r\000m\000e\000r}{}% 4
\BOOKMARK [1][-]{section.5}{\376\377\000C\000l\000a\000i\000m\000\040\0001\000:\000\040\000t\000h\000e\000\040\000a\000c\000c\000u\000m\000u\000l\000a\000t\000e\000d\000\040\000p\000h\000a\000s\000e\000\040\000c\000a\000r\000r\000i\000e\000s\000\040\000t\000r\000a\000n\000s\000f\000e\000r}{}% 5
\BOOKMARK [1][-]{section.6}{\376\377\000C\000l\000a\000i\000m\000\040\0002\000:\000\040\000t\000h\000e\000\040\000e\000n\000v\000i\000r\000o\000n\000m\000e\000n\000t\000\040\000m\000u\000s\000t\000\040\000m\000a\000k\000e\000\040\000d\000i\000s\000p\000l\000a\000c\000e\000m\000e\000n\000t\000\040\000a\000\040\000f\000u\000n\000c\000t\000i\000o\000n\000\040\000o\000f\000\040\000t\000h\000e\000\040\000t\000o\000k\000e\000n}{}% 6
\BOOKMARK [1][-]{section.7}{\376\377\000C\000l\000a\000i\000m\000\040\0003\000:\000\040\000t\000h\000e\000\040\000i\000n\000c\000r\000e\000m\000e\000n\000t\000\040\000m\000u\000s\000t\000\040\000c\000a\000n\000c\000e\000l\000,\000\040\000a\000n\000d\000\040\000c\000a\000n\000c\000e\000l\000\040\000c\000l\000e\000a\000n\000l\000y}{}% 7
\BOOKMARK [1][-]{section.8}{\376\377\000C\000l\000a\000i\000m\000\040\0004\000:\000\040\000a\000\040\000s\000h\000a\000r\000e\000d\000\040\000k\000e\000r\000n\000e\000l\000\040\000i\000s\000\040\000r\000e\000p\000r\000e\000s\000e\000n\000t\000a\000b\000l\000e\000\040\000b\000u\000t\000\040\000h\000a\000r\000d\000e\000r\000\040\000t\000o\000\040\000f\000i\000n\000d}{}% 8
\BOOKMARK [1][-]{section.9}{\376\377\000C\000l\000a\000i\000m\000\040\0005\000:\000\040\000w\000h\000a\000t\000\040\000a\000d\000d\000e\000d\000\040\000m\000a\000c\000h\000i\000n\000e\000r\000y\000\040\000b\000u\000y\000s}{}% 9
\BOOKMARK [1][-]{section.10}{\376\377\000E\000x\000p\000l\000i\000c\000i\000t\000\040\000s\000t\000a\000t\000e\000\040\000c\000o\000r\000r\000e\000c\000t\000i\000o\000n\000:\000\040\000n\000o\000\040\000m\000e\000a\000s\000u\000r\000a\000b\000l\000e\000\040\000b\000e\000n\000e\000f\000i\000t}{}% 10
\BOOKMARK [1][-]{section.11}{\376\377\000T\000h\000e\000\040\000l\000e\000n\000g\000t\000h\000\040\000a\000x\000i\000s\000:\000\040\000a\000n\000\040\000o\000p\000e\000n\000\040\000p\000r\000o\000b\000l\000e\000m}{}% 11
\BOOKMARK [1][-]{section.12}{\376\377\000N\000e\000s\000t\000e\000d\000\040\000h\000i\000e\000r\000a\000r\000c\000h\000i\000e\000s\000:\000\040\000D\000y\000c\000k\000-\0002\000,\000\040\000a\000n\000d\000\040\000w\000h\000a\000t\000\040\000i\000t\000s\000\040\000m\000e\000t\000r\000i\000c\000\040\000m\000e\000a\000s\000u\000r\000e\000s}{}% 12
\BOOKMARK [1][-]{section.13}{\376\377\000P\000o\000P\000E\000'\000s\000\040\000o\000w\000n\000\040\000t\000a\000s\000k\000s\000,\000\040\000a\000n\000d\000\040\000w\000h\000y\000\040\000t\000h\000e\000\040\000t\000w\000o\000\040\000m\000e\000c\000h\000a\000n\000i\000s\000m\000s\000\040\000a\000n\000t\000i\000-\000c\000o\000m\000p\000o\000s\000e}{}% 13
\BOOKMARK [1][-]{section.14}{\376\377\000L\000i\000m\000i\000t\000a\000t\000i\000o\000n\000s}{}% 14
\BOOKMARK [1][-]{section.15}{\376\377\000C\000o\000n\000c\000l\000u\000s\000i\000o\000n}{}% 15
\BOOKMARK [1][-]{appendix.A}{\376\377\000G\000a\000t\000e\000s\000\040\000a\000n\000d\000\040\000f\000l\000o\000o\000r\000s}{}% 16
\BOOKMARK [1][-]{appendix.B}{\376\377\000E\000a\000r\000l\000y\000\040\000b\000a\000s\000e\000l\000i\000n\000e\000s\000\040\000a\000n\000d\000\040\000T\000E\000M}{}% 17
\BOOKMARK [1][-]{appendix.C}{\376\377\000F\000a\000m\000i\000l\000y\000\040\000t\000r\000e\000e\000\040\000a\000n\000d\000\040\000n\000o\000n\000-\000c\000o\000m\000m\000u\000t\000a\000t\000i\000v\000i\000t\000y}{}% 18
\BOOKMARK [1][-]{appendix.D}{\376\377\000C\000o\000m\000p\000o\000s\000i\000t\000i\000o\000n\000a\000l\000\040\000t\000a\000s\000k\000\040\000a\000n\000d\000\040\000h\000i\000e\000r\000a\000r\000c\000h\000y}{}% 19
\BOOKMARK [1][-]{appendix.E}{\376\377\000M\000i\000n\000i\000G\000r\000i\000d\000\040\000a\000n\000d\000\040\000M\000i\000n\000i\000W\000o\000r\000l\000d\000:\000\040\000s\000u\000p\000p\000l\000e\000m\000e\000n\000t\000a\000r\000y}{}% 20
\BOOKMARK [1][-]{appendix.F}{\376\377\000R\000a\000n\000k\000\040\000a\000n\000d\000\040\000g\000e\000n\000e\000r\000a\000t\000o\000r\000\040\000p\000r\000o\000b\000e\000s}{}% 21
\BOOKMARK [1][-]{appendix.G}{\376\377\000E\000M\000\040\000k\000e\000r\000n\000e\000l\000:\000\040\000s\000u\000p\000p\000l\000e\000m\000e\000n\000t\000a\000r\000y}{}% 22
\BOOKMARK [1][-]{appendix.H}{\376\377\000S\000t\000a\000t\000e\000\040\000c\000o\000r\000r\000e\000c\000t\000i\000o\000n\000:\000\040\000s\000u\000p\000p\000l\000e\000m\000e\000n\000t\000a\000r\000y}{}% 23
\BOOKMARK [1][-]{appendix.I}{\376\377\000L\000o\000o\000p\000s\000:\000\040\000s\000u\000p\000p\000l\000e\000m\000e\000n\000t\000a\000r\000y}{}% 24
\BOOKMARK [1][-]{appendix.J}{\376\377\000L\000a\000n\000g\000u\000a\000g\000e\000\040\000a\000n\000d\000\040\000b\000o\000r\000r\000o\000w\000e\000d\000\040\000b\000e\000n\000c\000h\000m\000a\000r\000k\000s}{}% 25
\BOOKMARK [1][-]{appendix.K}{\376\377\000T\000h\000e\000\040\000M\000O\000N\000O\000T\000O\000N\000E\000\040\000b\000a\000t\000c\000h}{}% 26
